<?xml version="1.0" encoding="utf-8"?><testsuites><testsuite name="pytest" errors="0" failures="0" skipped="0" tests="2" time="0.117" timestamp="2023-02-20T19:16:05.805955" hostname="idos-MacBook-Pro.local"><testcase classname="tests.test_allowed_file.TestBacklogPerInstanceMetric" name="test_invalid_filename" time="0.000" /><testcase classname="tests.test_allowed_file.TestBacklogPerInstanceMetric" name="test_valid_filename" time="0.000" /></testsuite></testsuites>